Archive member included to satisfy reference by file (symbol)

/Applications/STM32CubeIDE.app/Contents/Eclipse/plugins/com.st.stm32cube.ide.mcu.externaltools.gnu-tools-for-stm32.13.3.rel1.macos64_1.0.0.202411102158/tools/bin/../lib/gcc/arm-none-eabi/13.3.1/../../../../arm-none-eabi/lib/thumb/v7e-m+fp/hard/libc_nano.a(libc_a-exit.o)
                              /Applications/STM32CubeIDE.app/Contents/Eclipse/plugins/com.st.stm32cube.ide.mcu.externaltools.gnu-tools-for-stm32.13.3.rel1.macos64_1.0.0.202411102158/tools/bin/../lib/gcc/arm-none-eabi/13.3.1/../../../../arm-none-eabi/lib/thumb/v7e-m+fp/hard/crt0.o (exit)
/Applications/STM32CubeIDE.app/Contents/Eclipse/plugins/com.st.stm32cube.ide.mcu.externaltools.gnu-tools-for-stm32.13.3.rel1.macos64_1.0.0.202411102158/tools/bin/../lib/gcc/arm-none-eabi/13.3.1/../../../../arm-none-eabi/lib/thumb/v7e-m+fp/hard/libc_nano.a(libc_a-findfp.o)
                              /Applications/STM32CubeIDE.app/Contents/Eclipse/plugins/com.st.stm32cube.ide.mcu.externaltools.gnu-tools-for-stm32.13.3.rel1.macos64_1.0.0.202411102158/tools/bin/../lib/gcc/arm-none-eabi/13.3.1/../../../../arm-none-eabi/lib/thumb/v7e-m+fp/hard/libc_nano.a(libc_a-exit.o) (__stdio_exit_handler)
/Applications/STM32CubeIDE.app/Contents/Eclipse/plugins/com.st.stm32cube.ide.mcu.externaltools.gnu-tools-for-stm32.13.3.rel1.macos64_1.0.0.202411102158/tools/bin/../lib/gcc/arm-none-eabi/13.3.1/../../../../arm-none-eabi/lib/thumb/v7e-m+fp/hard/libc_nano.a(libc_a-fwalk.o)
                              /Applications/STM32CubeIDE.app/Contents/Eclipse/plugins/com.st.stm32cube.ide.mcu.externaltools.gnu-tools-for-stm32.13.3.rel1.macos64_1.0.0.202411102158/tools/bin/../lib/gcc/arm-none-eabi/13.3.1/../../../../arm-none-eabi/lib/thumb/v7e-m+fp/hard/libc_nano.a(libc_a-findfp.o) (_fwalk_sglue)
/Applications/STM32CubeIDE.app/Contents/Eclipse/plugins/com.st.stm32cube.ide.mcu.externaltools.gnu-tools-for-stm32.13.3.rel1.macos64_1.0.0.202411102158/tools/bin/../lib/gcc/arm-none-eabi/13.3.1/../../../../arm-none-eabi/lib/thumb/v7e-m+fp/hard/libc_nano.a(libc_a-memset.o)
                              /Applications/STM32CubeIDE.app/Contents/Eclipse/plugins/com.st.stm32cube.ide.mcu.externaltools.gnu-tools-for-stm32.13.3.rel1.macos64_1.0.0.202411102158/tools/bin/../lib/gcc/arm-none-eabi/13.3.1/../../../../arm-none-eabi/lib/thumb/v7e-m+fp/hard/crt0.o (memset)
/Applications/STM32CubeIDE.app/Contents/Eclipse/plugins/com.st.stm32cube.ide.mcu.externaltools.gnu-tools-for-stm32.13.3.rel1.macos64_1.0.0.202411102158/tools/bin/../lib/gcc/arm-none-eabi/13.3.1/../../../../arm-none-eabi/lib/thumb/v7e-m+fp/hard/libc_nano.a(libc_a-init.o)
                              /Applications/STM32CubeIDE.app/Contents/Eclipse/plugins/com.st.stm32cube.ide.mcu.externaltools.gnu-tools-for-stm32.13.3.rel1.macos64_1.0.0.202411102158/tools/bin/../lib/gcc/arm-none-eabi/13.3.1/../../../../arm-none-eabi/lib/thumb/v7e-m+fp/hard/crt0.o (__libc_init_array)
/Applications/STM32CubeIDE.app/Contents/Eclipse/plugins/com.st.stm32cube.ide.mcu.externaltools.gnu-tools-for-stm32.13.3.rel1.macos64_1.0.0.202411102158/tools/bin/../lib/gcc/arm-none-eabi/13.3.1/../../../../arm-none-eabi/lib/thumb/v7e-m+fp/hard/libc_nano.a(libc_a-lock.o)
                              /Applications/STM32CubeIDE.app/Contents/Eclipse/plugins/com.st.stm32cube.ide.mcu.externaltools.gnu-tools-for-stm32.13.3.rel1.macos64_1.0.0.202411102158/tools/bin/../lib/gcc/arm-none-eabi/13.3.1/../../../../arm-none-eabi/lib/thumb/v7e-m+fp/hard/libc_nano.a(libc_a-findfp.o) (__retarget_lock_init_recursive)
/Applications/STM32CubeIDE.app/Contents/Eclipse/plugins/com.st.stm32cube.ide.mcu.externaltools.gnu-tools-for-stm32.13.3.rel1.macos64_1.0.0.202411102158/tools/bin/../lib/gcc/arm-none-eabi/13.3.1/../../../../arm-none-eabi/lib/thumb/v7e-m+fp/hard/libc_nano.a(libc_a-impure.o)
                              /Applications/STM32CubeIDE.app/Contents/Eclipse/plugins/com.st.stm32cube.ide.mcu.externaltools.gnu-tools-for-stm32.13.3.rel1.macos64_1.0.0.202411102158/tools/bin/../lib/gcc/arm-none-eabi/13.3.1/../../../../arm-none-eabi/lib/thumb/v7e-m+fp/hard/libc_nano.a(libc_a-findfp.o) (_impure_data)
/Applications/STM32CubeIDE.app/Contents/Eclipse/plugins/com.st.stm32cube.ide.mcu.externaltools.gnu-tools-for-stm32.13.3.rel1.macos64_1.0.0.202411102158/tools/bin/../lib/gcc/arm-none-eabi/13.3.1/../../../../arm-none-eabi/lib/thumb/v7e-m+fp/hard/libc_nano.a(libc_a-mallocr.o)
                              /Applications/STM32CubeIDE.app/Contents/Eclipse/plugins/com.st.stm32cube.ide.mcu.externaltools.gnu-tools-for-stm32.13.3.rel1.macos64_1.0.0.202411102158/tools/bin/../lib/gcc/arm-none-eabi/13.3.1/../../../../arm-none-eabi/lib/thumb/v7e-m+fp/hard/libc_nano.a(libc_a-findfp.o) (_malloc_r)
[...]
Memory Configuration

Name             Origin             Length             Attributes
RAM              0x20000000         0x00020000         xrw
FLASH            0x08000000         0x00080000         xr
*default*        0x00000000         0xffffffff

Linker script and memory map

LOAD /Applications/STM32CubeIDE.app/Contents/Eclipse/plugins/com.st.stm32cube.ide.mcu.externaltools.gnu-tools-for-stm32.13.3.rel1.macos64_1.0.0.202411102158/tools/bin/../lib/gcc/arm-none-eabi/13.3.1/thumb/v7e-m+fp/hard/crti.o
LOAD /Applications/STM32CubeIDE.app/Contents/Eclipse/plugins/com.st.stm32cube.ide.mcu.externaltools.gnu-tools-for-stm32.13.3.rel1.macos64_1.0.0.202411102158/tools/bin/../lib/gcc/arm-none-eabi/13.3.1/thumb/v7e-m+fp/hard/crtbegin.o
LOAD /Applications/STM32CubeIDE.app/Contents/Eclipse/plugins/com.st.stm32cube.ide.mcu.externaltools.gnu-tools-for-stm32.13.3.rel1.macos64_1.0.0.202411102158/tools/bin/../lib/gcc/arm-none-eabi/13.3.1/../../../../arm-none-eabi/lib/thumb/v7e-m+fp/hard/crt0.o
LOAD ./Core/Src/main.o
LOAD ./Core/Src/system_stm32f4xx.o
LOAD ./Core/Startup/startup_stm32f446retx.o
LOAD ./Drivers/STM32F4xx_HAL_Driver/Src/stm32f4xx_hal.o
LOAD ./Drivers/STM32F4xx_HAL_Driver/Src/stm32f4xx_hal_cortex.o
LOAD ./Drivers/STM32F4xx_HAL_Driver/Src/stm32f4xx_hal_dma.o
LOAD ./Drivers/STM32F4xx_HAL_Driver/Src/stm32f4xx_hal_dma_ex.o
LOAD ./Drivers/STM32F4xx_HAL_Driver/Src/stm32f4xx_hal_exti.o
LOAD ./Drivers/STM32F4xx_HAL_Driver/Src/stm32f4xx_hal_flash.o
LOAD ./Drivers/STM32F4xx_HAL_Driver/Src/stm32f4xx_hal_flash_ex.o
LOAD ./Drivers/STM32F4xx_HAL_Driver/Src/stm32f4xx_hal_flash_ramfunc.o
LOAD ./Drivers/STM32F4xx_HAL_Driver/Src/stm32f4xx_hal_gpio.o
LOAD ./Drivers/STM32F4xx_HAL_Driver/Src/stm32f4xx_hal_pwr.o
LOAD ./Drivers/STM32F4xx_HAL_Driver/Src/stm32f4xx_hal_pwr_ex.o
LOAD ./Drivers/STM32F4xx_HAL_Driver/Src/stm32f4xx_hal_rcc.o
LOAD ./Drivers/STM32F4xx_HAL_Driver/Src/stm32f4xx_hal_rcc_ex.o
LOAD ./Drivers/STM32F4xx_HAL_Driver/Src/stm32f4xx_hal_uart.o
START GROUP
LOAD /Applications/STM32CubeIDE.app/Contents/Eclipse/plugins/com.st.stm32cube.ide.mcu.externaltools.gnu-tools-for-stm32.13.3.rel1.macos64_1.0.0.202411102158/tools/bin/../lib/gcc/arm-none-eabi/13.3.1/../../../../arm-none-eabi/lib/thumb/v7e-m+fp/hard/libc_nano.a
LOAD /Applications/STM32CubeIDE.app/Contents/Eclipse/plugins/com.st.stm32cube.ide.mcu.externaltools.gnu-tools-for-stm32.13.3.rel1.macos64_1.0.0.202411102158/tools/bin/../lib/gcc/arm-none-eabi/13.3.1/../../../../arm-none-eabi/lib/thumb/v7e-m+fp/hard/libm.a
END GROUP
START GROUP
LOAD /Applications/STM32CubeIDE.app/Contents/Eclipse/plugins/com.st.stm32cube.ide.mcu.externaltools.gnu-tools-for-stm32.13.3.rel1.macos64_1.0.0.202411102158/tools/bin/../lib/gcc/arm-none-eabi/13.3.1/thumb/v7e-m+fp/hard/libgcc.a
LOAD /Applications/STM32CubeIDE.app/Contents/Eclipse/plugins/com.st.stm32cube.ide.mcu.externaltools.gnu-tools-for-stm32.13.3.rel1.macos64_1.0.0.202411102158/tools/bin/../lib/gcc/arm-none-eabi/13.3.1/../../../../arm-none-eabi/lib/thumb/v7e-m+fp/hard/libc_nano.a
END GROUP
START GROUP
LOAD /Applications/STM32CubeIDE.app/Contents/Eclipse/plugins/com.st.stm32cube.ide.mcu.externaltools.gnu-tools-for-stm32.13.3.rel1.macos64_1.0.0.202411102158/tools/bin/../lib/gcc/arm-none-eabi/13.3.1/thumb/v7e-m+fp/hard/libgcc.a
LOAD /Applications/STM32CubeIDE.app/Contents/Eclipse/plugins/com.st.stm32cube.ide.mcu.externaltools.gnu-tools-for-stm32.13.3.rel1.macos64_1.0.0.202411102158/tools/bin/../lib/gcc/arm-none-eabi/13.3.1/../../../../arm-none-eabi/lib/thumb/v7e-m+fp/hard/libc_nano.a
LOAD /Applications/STM32CubeIDE.app/Contents/Eclipse/plugins/com.st.stm32cube.ide.mcu.externaltools.gnu-tools-for-stm32.13.3.rel1.macos64_1.0.0.202411102158/tools/bin/../lib/gcc/arm-none-eabi/13.3.1/../../../../arm-none-eabi/lib/thumb/v7e-m+fp/hard/libnosys.a
END GROUP
START GROUP
LOAD /Applications/STM32CubeIDE.app/Contents/Eclipse/plugins/com.st.stm32cube.ide.mcu.externaltools.gnu-tools-for-stm32.13.3.rel1.macos64_1.0.0.202411102158/tools/bin/../lib/gcc/arm-none-eabi/13.3.1/thumb/v7e-m+fp/hard/libgcc.a
LOAD /Applications/STM32CubeIDE.app/Contents/Eclipse/plugins/com.st.stm32cube.ide.mcu.externaltools.gnu-tools-for-stm32.13.3.rel1.macos64_1.0.0.202411102158/tools/bin/../lib/gcc/arm-none-eabi/13.3.1/../../../../arm-none-eabi/lib/thumb/v7e-m+fp/hard/libc_nano.a
LOAD /Applications/STM32CubeIDE.app/Contents/Eclipse/plugins/com.st.stm32cube.ide.mcu.externaltools.gnu-tools-for-stm32.13.3.rel1.macos64_1.0.0.202411102158/tools/bin/../lib/gcc/arm-none-eabi/13.3.1/../../../../arm-none-eabi/lib/thumb/v7e-m+fp/hard/libnosys.a
END GROUP
LOAD /Applications/STM32CubeIDE.app/Contents/Eclipse/plugins/com.st.stm32cube.ide.mcu.externaltools.gnu-tools-for-stm32.13.3.rel1.macos64_1.0.0.202411102158/tools/bin/../lib/gcc/arm-none-eabi/13.3.1/thumb/v7e-m+fp/hard/crtend.o
LOAD /Applications/STM32CubeIDE.app/Contents/Eclipse/plugins/com.st.stm32cube.ide.mcu.externaltools.gnu-tools-for-stm32.13.3.rel1.macos64_1.0.0.202411102158/tools/bin/../lib/gcc/arm-none-eabi/13.3.1/thumb/v7e-m+fp/hard/crtn.o
                0x20020000                        _estack = (ORIGIN (RAM) + LENGTH (RAM))
                0x00000200                        _Min_Heap_Size = 0x200
                0x00000400                        _Min_Stack_Size = 0x400

.isr_vector     0x08000000      0x1c4
                0x08000000                        . = ALIGN (0x4)
 *(.isr_vector)
 .isr_vector    0x08000000      0x1c4 ./Core/Startup/startup_stm32f446retx.o
                0x08000000                g_pfnVectors
                0x080001c4                        . = ALIGN (0x4)

.text           0x080001c4      0x518
                0x080001c4                        . = ALIGN (0x4)
 *(.text)
 .text          0x080001c4       0x40 /Applications/STM32CubeIDE.app/Contents/Eclipse/plugins/com.st.stm32cube.ide.mcu.externaltools.gnu-tools-for-stm32.13.3.rel1.macos64_1.0.0.202411102158/tools/bin/../lib/gcc/arm-none-eabi/13.3.1/thumb/v7e-m+fp/hard/crtbegin.o
 *(.text*)
 .text.main     0x08000204       0x24 ./Core/Src/main.o
                0x08000204                main
 .text.GPIO_Config
                0x08000228       0x54 ./Core/Src/main.o
                0x08000228                GPIO_Config
 .text.delay    0x0800027c       0x2a ./Core/Src/main.o
                0x0800027c                delay
 *fill*         0x080002a6        0x2 
 .text.SystemInit
                0x080002a8       0x24 ./Core/Src/system_stm32f4xx.o
                0x080002a8                SystemInit
 .text.Reset_Handler
                0x080002cc       0x50 ./Core/Startup/startup_stm32f446retx.o
                0x080002cc                Reset_Handler
 .text.Default_Handler
                0x0800031c        0x2 ./Core/Startup/startup_stm32f446retx.o
                0x0800031c                DMA1_Stream3_IRQHandler
                0x0800031c                EXTI2_IRQHandler
                0x0800031c                TIM8_CC_IRQHandler
                0x0800031c                DebugMon_Handler
                0x0800031c                FMPI2C1_EV_IRQHandler
                0x0800031c                SPI4_IRQHandler
                0x0800031c                TIM1_CC_IRQHandler
                0x0800031c                DMA2_Stream5_IRQHandler
                0x0800031c                HardFault_Handler
                0x0800031c                DMA1_Stream5_IRQHandler
                0x0800031c                SysTick_Handler
                0x0800031c                PVD_IRQHandler
                0x0800031c                SDIO_IRQHandler
                0x0800031c                TAMP_STAMP_IRQHandler
                0x0800031c                PendSV_Handler
                0x0800031c                NMI_Handler
                0x0800031c                CAN2_RX1_IRQHandler
                0x0800031c                EXTI3_IRQHandler
                0x0800031c                TIM8_TRG_COM_TIM14_IRQHandler
                0x0800031c                TIM1_UP_TIM10_IRQHandler
                0x0800031c                TIM8_UP_TIM13_IRQHandler
                0x0800031c                I2C3_ER_IRQHandler
                0x0800031c                EXTI0_IRQHandler
                0x0800031c                I2C2_EV_IRQHandler
                0x0800031c                DMA1_Stream2_IRQHandler
                0x0800031c                CAN1_RX0_IRQHandler
                0x0800031c                FPU_IRQHandler
                0x0800031c                OTG_HS_WKUP_IRQHandler
                0x0800031c                UsageFault_Handler
                0x0800031c                CAN2_SCE_IRQHandler
                0x0800031c                DMA2_Stream2_IRQHandler
                0x0800031c                SPI1_IRQHandler
                0x0800031c                TIM6_DAC_IRQHandler
                0x0800031c                TIM1_BRK_TIM9_IRQHandler
                0x0800031c                DCMI_IRQHandler
                0x0800031c                CAN2_RX0_IRQHandler
                0x0800031c                DMA2_Stream3_IRQHandler
                0x0800031c                SAI2_IRQHandler
                0x0800031c                USART6_IRQHandler
                0x0800031c                USART3_IRQHandler
                0x0800031c                CAN1_RX1_IRQHandler
                0x0800031c                UART5_IRQHandler
                0x0800031c                DMA2_Stream0_IRQHandler
                0x0800031c                TIM4_IRQHandler
                0x0800031c                QUADSPI_IRQHandler
                0x0800031c                I2C1_EV_IRQHandler
                0x0800031c                DMA1_Stream6_IRQHandler
                0x0800031c                DMA1_Stream1_IRQHandler
                0x0800031c                UART4_IRQHandler
                0x0800031c                TIM3_IRQHandler
                0x0800031c                RCC_IRQHandler
                0x0800031c                TIM8_BRK_TIM12_IRQHandler
                0x0800031c                Default_Handler
                0x0800031c                CEC_IRQHandler
                0x0800031c                EXTI15_10_IRQHandler
                0x0800031c                ADC_IRQHandler
                0x0800031c                DMA1_Stream7_IRQHandler
                0x0800031c                TIM7_IRQHandler
                0x0800031c                CAN2_TX_IRQHandler
                0x0800031c                TIM5_IRQHandler
                0x0800031c                DMA2_Stream7_IRQHandler
                0x0800031c                I2C3_EV_IRQHandler
                0x0800031c                EXTI9_5_IRQHandler
                0x0800031c                RTC_WKUP_IRQHandler
                0x0800031c                SPDIF_RX_IRQHandler
                0x0800031c                SPI2_IRQHandler
                0x0800031c                OTG_HS_EP1_IN_IRQHandler
                0x0800031c                MemManage_Handler
                0x0800031c                DMA1_Stream0_IRQHandler
                0x0800031c                CAN1_TX_IRQHandler
                0x0800031c                SVC_Handler
                0x0800031c                FMPI2C1_ER_IRQHandler
                0x0800031c                EXTI4_IRQHandler
                0x0800031c                OTG_HS_EP1_OUT_IRQHandler
                0x0800031c                WWDG_IRQHandler
                0x0800031c                TIM2_IRQHandler
                0x0800031c                OTG_FS_WKUP_IRQHandler
                0x0800031c                TIM1_TRG_COM_TIM11_IRQHandler
                0x0800031c                OTG_HS_IRQHandler
                0x0800031c                EXTI1_IRQHandler
                0x0800031c                USART2_IRQHandler
                0x0800031c                I2C2_ER_IRQHandler
                0x0800031c                DMA2_Stream1_IRQHandler
                0x0800031c                CAN1_SCE_IRQHandler
                0x0800031c                FLASH_IRQHandler
                0x0800031c                DMA2_Stream4_IRQHandler
                0x0800031c                BusFault_Handler
                0x0800031c                USART1_IRQHandler
                0x0800031c                OTG_FS_IRQHandler
                0x0800031c                SPI3_IRQHandler
                0x0800031c                DMA1_Stream4_IRQHandler
                0x0800031c                I2C1_ER_IRQHandler
                0x0800031c                FMC_IRQHandler
                0x0800031c                DMA2_Stream6_IRQHandler
                0x0800031c                SAI1_IRQHandler
                0x0800031c                RTC_Alarm_IRQHandler
 *fill*         0x0800031e        0x2 
 .text.HAL_GPIO_Init
                0x08000320      0x328 ./Drivers/STM32F4xx_HAL_Driver/Src/stm32f4xx_hal_gpio.o
                0x08000320                HAL_GPIO_Init
 .text.HAL_GPIO_TogglePin
                0x08000648       0x34 ./Drivers/STM32F4xx_HAL_Driver/Src/stm32f4xx_hal_gpio.o
                0x08000648                HAL_GPIO_TogglePin
 .text.__libc_init_array
                0x0800067c       0x48 /Applications/STM32CubeIDE.app/Contents/Eclipse/plugins/com.st.stm32cube.ide.mcu.externaltools.gnu-tools-for-stm32.13.3.rel1.macos64_1.0.0.202411102158/tools/bin/../lib/gcc/arm-none-eabi/13.3.1/../../../../arm-none-eabi/lib/thumb/v7e-m+fp/hard/libc_nano.a(libc_a-init.o)
                0x0800067c                __libc_init_array
 *(.glue_7)
 .glue_7        0x080006c4        0x0 linker stubs
 *(.glue_7t)
 .glue_7t       0x080006c4        0x0 linker stubs
 *(.eh_frame)
 .eh_frame      0x080006c4        0x0 /Applications/STM32CubeIDE.app/Contents/Eclipse/plugins/com.st.stm32cube.ide.mcu.externaltools.gnu-tools-for-stm32.13.3.rel1.macos64_1.0.0.202411102158/tools/bin/../lib/gcc/arm-none-eabi/13.3.1/thumb/v7e-m+fp/hard/crtbegin.o
 *(.init)
 .init          0x080006c4        0x4 /Applications/STM32CubeIDE.app/Contents/Eclipse/plugins/com.st.stm32cube.ide.mcu.externaltools.gnu-tools-for-stm32.13.3.rel1.macos64_1.0.0.202411102158/tools/bin/../lib/gcc/arm-none-eabi/13.3.1/thumb/v7e-m+fp/hard/crti.o
                0x080006c4                _init
 .init          0x080006c8        0x8 /Applications/STM32CubeIDE.app/Contents/Eclipse/plugins/com.st.stm32cube.ide.mcu.externaltools.gnu-tools-for-stm32.13.3.rel1.macos64_1.0.0.202411102158/tools/bin/../lib/gcc/arm-none-eabi/13.3.1/thumb/v7e-m+fp/hard/crtn.o
 *(.fini)
 .fini          0x080006d0        0x4 /Applications/STM32CubeIDE.app/Contents/Eclipse/plugins/com.st.stm32cube.ide.mcu.externaltools.gnu-tools-for-stm32.13.3.rel1.macos64_1.0.0.202411102158/tools/bin/../lib/gcc/arm-none-eabi/13.3.1/thumb/v7e-m+fp/hard/crti.o
                0x080006d0                _fini
 .fini          0x080006d4        0x8 /Applications/STM32CubeIDE.app/Contents/Eclipse/plugins/com.st.stm32cube.ide.mcu.externaltools.gnu-tools-for-stm32.13.3.rel1.macos64_1.0.0.202411102158/tools/bin/../lib/gcc/arm-none-eabi/13.3.1/thumb/v7e-m+fp/hard/crtn.o
                0x080006dc                        . = ALIGN (0x4)
                0x080006dc                        _etext = .

.vfp11_veneer   0x080006dc        0x0
 .vfp11_veneer  0x080006dc        0x0 linker stubs

.v4_bx          0x080006dc        0x0
 .v4_bx         0x080006dc        0x0 linker stubs

.iplt           0x080006dc        0x0
 .iplt          0x080006dc        0x0 /Applications/STM32CubeIDE.app/Contents/Eclipse/plugins/com.st.stm32cube.ide.mcu.externaltools.gnu-tools-for-stm32.13.3.rel1.macos64_1.0.0.202411102158/tools/bin/../lib/gcc/arm-none-eabi/13.3.1/thumb/v7e-m+fp/hard/crtbegin.o

.rodata         0x080006dc        0x0
                0x080006dc                        . = ALIGN (0x4)
 *(.rodata)
 *(.rodata*)
                0x080006dc                        . = ALIGN (0x4)

.ARM.extab      0x080006dc        0x0
                0x080006dc                        . = ALIGN (0x4)
 *(.ARM.extab* .gnu.linkonce.armextab.*)
                0x080006dc                        . = ALIGN (0x4)

.ARM            0x080006dc        0x0
                0x080006dc                        . = ALIGN (0x4)
                0x080006dc                        __exidx_start = .
 *(.ARM.exidx*)
                0x080006dc                        __exidx_end = .
                0x080006dc                        . = ALIGN (0x4)

.preinit_array  0x080006dc        0x0
                0x080006dc                        . = ALIGN (0x4)
                0x080006dc                        PROVIDE (__preinit_array_start = .)
 *(.preinit_array*)
                0x080006dc                        PROVIDE (__preinit_array_end = .)
                0x080006dc                        . = ALIGN (0x4)

.init_array     0x080006dc        0x4
                0x080006dc                        . = ALIGN (0x4)
                0x080006dc                        PROVIDE (__init_array_start = .)
 *(SORT_BY_NAME(.init_array.*))
 *(.init_array*)
 .init_array    0x080006dc        0x4 /Applications/STM32CubeIDE.app/Contents/Eclipse/plugins/com.st.stm32cube.ide.mcu.externaltools.gnu-tools-for-stm32.13.3.rel1.macos64_1.0.0.202411102158/tools/bin/../lib/gcc/arm-none-eabi/13.3.1/thumb/v7e-m+fp/hard/crtbegin.o
                0x080006e0                        PROVIDE (__init_array_end = .)
                0x080006e0                        . = ALIGN (0x4)

.fini_array     0x080006e0        0x4
                0x080006e0                        . = ALIGN (0x4)
                [!provide]                        PROVIDE (__fini_array_start = .)
 *(SORT_BY_NAME(.fini_array.*))
 *(.fini_array*)
 .fini_array    0x080006e0        0x4 /Applications/STM32CubeIDE.app/Contents/Eclipse/plugins/com.st.stm32cube.ide.mcu.externaltools.gnu-tools-for-stm32.13.3.rel1.macos64_1.0.0.202411102158/tools/bin/../lib/gcc/arm-none-eabi/13.3.1/thumb/v7e-m+fp/hard/crtbegin.o
                [!provide]                        PROVIDE (__fini_array_end = .)
                0x080006e4                        . = ALIGN (0x4)
                0x080006e4                        _sidata = LOADADDR (.data)

.rel.dyn        0x080006e4        0x0
 .rel.iplt      0x080006e4        0x0 /Applications/STM32CubeIDE.app/Contents/Eclipse/plugins/com.st.stm32cube.ide.mcu.externaltools.gnu-tools-for-stm32.13.3.rel1.macos64_1.0.0.202411102158/tools/bin/../lib/gcc/arm-none-eabi/13.3.1/thumb/v7e-m+fp/hard/crtbegin.o

.data           0x20000000        0x0 load address 0x080006e4
                0x20000000                        . = ALIGN (0x4)
                0x20000000                        _sdata = .
 *(.data)
 *(.data*)
 *(.RamFunc)
 *(.RamFunc*)
                0x20000000                        . = ALIGN (0x4)
                0x20000000                        _edata = .

.igot.plt       0x20000000        0x0 load address 0x080006e4
 .igot.plt      0x20000000        0x0 /Applications/STM32CubeIDE.app/Contents/Eclipse/plugins/com.st.stm32cube.ide.mcu.externaltools.gnu-tools-for-stm32.13.3.rel1.macos64_1.0.0.202411102158/tools/bin/../lib/gcc/arm-none-eabi/13.3.1/thumb/v7e-m+fp/hard/crtbegin.o
                0x20000000                        . = ALIGN (0x4)

.bss            0x20000000       0x1c load address 0x080006e4
                0x20000000                        _sbss = .
                0x20000000                        __bss_start__ = _sbss
 *(.bss)
 .bss           0x20000000       0x1c /Applications/STM32CubeIDE.app/Contents/Eclipse/plugins/com.st.stm32cube.ide.mcu.externaltools.gnu-tools-for-stm32.13.3.rel1.macos64_1.0.0.202411102158/tools/bin/../lib/gcc/arm-none-eabi/13.3.1/thumb/v7e-m+fp/hard/crtbegin.o
 *(.bss*)
 *(COMMON)
                0x2000001c                        . = ALIGN (0x4)
                0x2000001c                        _ebss = .
                0x2000001c                        __bss_end__ = _ebss

._user_heap_stack
                0x2000001c      0x604 load address 0x080006e4
                0x20000020                        . = ALIGN (0x8)
 *fill*         0x2000001c        0x4 
                0x20000020                        PROVIDE (end = .)
                [!provide]                        PROVIDE (_end = .)
                0x20000220                        . = (. + _Min_Heap_Size)
 *fill*         0x20000020      0x200 
                0x20000620                        . = (. + _Min_Stack_Size)
 *fill*         0x20000220      0x400 
                0x20000620                        . = ALIGN (0x8)

/DISCARD/
 libc.a(*)
 libm.a(*)
 libgcc.a(*)

.ARM.attributes
                0x00000000       0x30
 *(.ARM.attributes)
 .ARM.attributes
                0x00000000       0x22 /Applications/STM32CubeIDE.app/Contents/Eclipse/plugins/com.st.stm32cube.ide.mcu.externaltools.gnu-tools-for-stm32.13.3.rel1.macos64_1.0.0.202411102158/tools/bin/../lib/gcc/arm-none-eabi/13.3.1/thumb/v7e-m+fp/hard/crti.o
 .ARM.attributes
                0x00000022       0x34 /Applications/STM32CubeIDE.app/Contents/Eclipse/plugins/com.st.stm32cube.ide.mcu.externaltools.gnu-tools-for-stm32.13.3.rel1.macos64_1.0.0.202411102158/tools/bin/../lib/gcc/arm-none-eabi/13.3.1/thumb/v7e-m+fp/hard/crtbegin.o
 .ARM.attributes
                0x00000056       0x34 ./Core/Src/main.o
 .ARM.attributes
                0x0000008a       0x34 ./Core/Src/system_stm32f4xx.o
 .ARM.attributes
                0x000000be       0x21 ./Core/Startup/startup_stm32f446retx.o
 .ARM.attributes
                0x000000df       0x34 ./Drivers/STM32F4xx_HAL_Driver/Src/stm32f4xx_hal_gpio.o
 .ARM.attributes
                0x00000113       0x34 /Applications/STM32CubeIDE.app/Contents/Eclipse/plugins/com.st.stm32cube.ide.mcu.externaltools.gnu-tools-for-stm32.13.3.rel1.macos64_1.0.0.202411102158/tools/bin/../lib/gcc/arm-none-eabi/13.3.1/../../../../arm-none-eabi/lib/thumb/v7e-m+fp/hard/libc_nano.a(libc_a-init.o)
 .ARM.attributes
                0x00000147       0x22 /Applications/STM32CubeIDE.app/Contents/Eclipse/plugins/com.st.stm32cube.ide.mcu.externaltools.gnu-tools-for-stm32.13.3.rel1.macos64_1.0.0.202411102158/tools/bin/../lib/gcc/arm-none-eabi/13.3.1/thumb/v7e-m+fp/hard/crtn.o
OUTPUT(yeni_workspace_deneme.elf elf32-littlearm)
LOAD linker stubs
LOAD /Applications/STM32CubeIDE.app/Contents/Eclipse/plugins/com.st.stm32cube.ide.mcu.externaltools.gnu-tools-for-stm32.13.3.rel1.macos64_1.0.0.202411102158/tools/bin/../lib/gcc/arm-none-eabi/13.3.1/../../../../arm-none-eabi/lib/thumb/v7e-m+fp/hard/libc.a
LOAD /Applications/STM32CubeIDE.app/Contents/Eclipse/plugins/com.st.stm32cube.ide.mcu.externaltools.gnu-tools-for-stm32.13.3.rel1.macos64_1.0.0.202411102158/tools/bin/../lib/gcc/arm-none-eabi/13.3.1/../../../../arm-none-eabi/lib/thumb/v7e-m+fp/hard/libm.a
LOAD /Applications/STM32CubeIDE.app/Contents/Eclipse/plugins/com.st.stm32cube.ide.mcu.externaltools.gnu-tools-for-stm32.13.3.rel1.macos64_1.0.0.202411102158/tools/bin/../lib/gcc/arm-none-eabi/13.3.1/thumb/v7e-m+fp/hard/libgcc.a

.debug_info     0x00000000     0x108b
 .debug_info    0x00000000      0x406 ./Core/Src/main.o
 .debug_info    0x00000406      0x54a ./Core/Src/system_stm32f4xx.o
 .debug_info    0x00000950       0x30 ./Core/Startup/startup_stm32f446retx.o
 .debug_info    0x00000980      0x70b ./Drivers/STM32F4xx_HAL_Driver/Src/stm32f4xx_hal_gpio.o

.debug_abbrev   0x00000000      0x497
 .debug_abbrev  0x00000000      0x185 ./Core/Src/main.o
 .debug_abbrev  0x00000185      0x11a ./Core/Src/system_stm32f4xx.o
 .debug_abbrev  0x0000029f       0x24 ./Core/Startup/startup_stm32f446retx.o
 .debug_abbrev  0x000002c3      0x1d4 ./Drivers/STM32F4xx_HAL_Driver/Src/stm32f4xx_hal_gpio.o

.debug_aranges  0x00000000       0xd8
 .debug_aranges
                0x00000000       0x30 ./Core/Src/main.o
 .debug_aranges
                0x00000030       0x28 ./Core/Src/system_stm32f4xx.o
 .debug_aranges
                0x00000058       0x28 ./Core/Startup/startup_stm32f446retx.o
 .debug_aranges
                0x00000080       0x58 ./Drivers/STM32F4xx_HAL_Driver/Src/stm32f4xx_hal_gpio.o

.debug_rnglists
                0x00000000       0x91
 .debug_rnglists
                0x00000000       0x1f ./Core/Src/main.o
 .debug_rnglists
                0x0000001f       0x1a ./Core/Src/system_stm32f4xx.o
 .debug_rnglists
                0x00000039       0x19 ./Core/Startup/startup_stm32f446retx.o
 .debug_rnglists
                0x00000052       0x3f ./Drivers/STM32F4xx_HAL_Driver/Src/stm32f4xx_hal_gpio.o

.debug_macro    0x00000000    0x1f4cc
 .debug_macro   0x00000000      0x1ba ./Core/Src/main.o
 .debug_macro   0x000001ba      0xad8 ./Core/Src/main.o
 .debug_macro   0x00000c92      0x295 ./Core/Src/main.o
 .debug_macro   0x00000f27       0x2e ./Core/Src/main.o
 .debug_macro   0x00000f55       0x28 ./Core/Src/main.o
 .debug_macro   0x00000f7d       0x22 ./Core/Src/main.o
 .debug_macro   0x00000f9f       0x8e ./Core/Src/main.o
 .debug_macro   0x0000102d       0x51 ./Core/Src/main.o
 .debug_macro   0x0000107e      0x103 ./Core/Src/main.o
 .debug_macro   0x00001181       0x6a ./Core/Src/main.o
 .debug_macro   0x000011eb      0x1df ./Core/Src/main.o
 .debug_macro   0x000013ca       0x1c ./Core/Src/main.o
 .debug_macro   0x000013e6       0x22 ./Core/Src/main.o
 .debug_macro   0x00001408       0xfb ./Core/Src/main.o
 .debug_macro   0x00001503     0x1011 ./Core/Src/main.o
 .debug_macro   0x00002514      0x11f ./Core/Src/main.o
 .debug_macro   0x00002633    0x1675e ./Core/Src/main.o
 .debug_macro   0x00018d91       0x6d ./Core/Src/main.o
 .debug_macro   0x00018dfe     0x3693 ./Core/Src/main.o
 .debug_macro   0x0001c491      0x190 ./Core/Src/main.o
 .debug_macro   0x0001c621       0x5c ./Core/Src/main.o
 .debug_macro   0x0001c67d      0xca5 ./Core/Src/main.o
 .debug_macro   0x0001d322      0x9e9 ./Core/Src/main.o
 .debug_macro   0x0001dd0b      0x115 ./Core/Src/main.o
 .debug_macro   0x0001de20      0x1a0 ./Core/Src/main.o
 .debug_macro   0x0001dfc0       0xa5 ./Core/Src/main.o
 .debug_macro   0x0001e065      0x16d ./Core/Src/main.o
 .debug_macro   0x0001e1d2      0x287 ./Core/Src/main.o
 .debug_macro   0x0001e459       0x5f ./Core/Src/main.o
 .debug_macro   0x0001e4b8      0x236 ./Core/Src/main.o
 .debug_macro   0x0001e6ee      0x132 ./Core/Src/main.o
 .debug_macro   0x0001e820      0x29c ./Core/Src/main.o
 .debug_macro   0x0001eabc       0x2e ./Core/Src/main.o
 .debug_macro   0x0001eaea      0x127 ./Core/Src/main.o
 .debug_macro   0x0001ec11       0xe8 ./Core/Src/main.o
 .debug_macro   0x0001ecf9       0x89 ./Core/Src/main.o
 .debug_macro   0x0001ed82      0x2aa ./Core/Src/main.o
 .debug_macro   0x0001f02c      0x126 ./Core/Src/main.o
 .debug_macro   0x0001f152      0x1ba ./Core/Src/system_stm32f4xx.o
 .debug_macro   0x0001f30c      0x1c0 ./Drivers/STM32F4xx_HAL_Driver/Src/stm32f4xx_hal_gpio.o

.debug_line     0x00000000     0x195d
 .debug_line    0x00000000      0x6e3 ./Core/Src/main.o
 .debug_line    0x000006e3      0x720 ./Core/Src/system_stm32f4xx.o
 .debug_line    0x00000e03       0x7a ./Core/Startup/startup_stm32f446retx.o
 .debug_line    0x00000e7d      0xae0 ./Drivers/STM32F4xx_HAL_Driver/Src/stm32f4xx_hal_gpio.o

.debug_str      0x00000000    0xc2790
 .debug_str     0x00000000    0xc2790 ./Core/Src/main.o
                              0xc275c (size before relaxing)
 .debug_str     0x000c2790    0xc2772 ./Core/Src/system_stm32f4xx.o
 .debug_str     0x000c2790       0x87 ./Core/Startup/startup_stm32f446retx.o
 .debug_str     0x000c2790    0xc28ed ./Drivers/STM32F4xx_HAL_Driver/Src/stm32f4xx_hal_gpio.o

.comment        0x00000000       0x43
 .comment       0x00000000       0x43 ./Core/Src/main.o
                                 0x44 (size before relaxing)
 .comment       0x00000043       0x44 ./Core/Src/system_stm32f4xx.o
 .comment       0x00000043       0x44 ./Drivers/STM32F4xx_HAL_Driver/Src/stm32f4xx_hal_gpio.o

.debug_frame    0x00000000      0x248
 .debug_frame   0x00000000       0x78 ./Core/Src/main.o
 .debug_frame   0x00000078       0x58 ./Core/Src/system_stm32f4xx.o
 .debug_frame   0x000000d0      0x14c ./Drivers/STM32F4xx_HAL_Driver/Src/stm32f4xx_hal_gpio.o
 .debug_frame   0x0000021c       0x2c /Applications/STM32CubeIDE.app/Contents/Eclipse/plugins/com.st.stm32cube.ide.mcu.externaltools.gnu-tools-for-stm32.13.3.rel1.macos64_1.0.0.202411102158/tools/bin/../lib/gcc/arm-none-eabi/13.3.1/../../../../arm-none-eabi/lib/thumb/v7e-m+fp/hard/libc_nano.a(libc_a-init.o)

.debug_line_str
                0x00000000       0x6b
 .debug_line_str
                0x00000000       0x6b ./Core/Startup/startup_stm32f446retx.o
